[HIGH] www.mssql.weighttest.com (Abuse Score: None) (/C=US/CN=R10/O=Let's Encrypt)
[HIGH] *.q7qyzxg.mesh.mongodb.net (Abuse Score: None), *.q7qyzxg.mongodb.net (Abuse Score: None) (/C=US/CN=R11/O=Let's Encrypt)
[HIGH] harrisonwindowtreatments.com (Abuse Score: None) (/C=US/CN=R11/O=Let's Encrypt)
[HIGH] lizakilimi.com.ua (Abuse Score: None), www.lizakilimi.com.ua (Abuse Score: None) (/C=US/CN=R10/O=Let's Encrypt)
[HIGH] fortinet.junhua.ca (Abuse Score: None) (/C=US/CN=R10/O=Let's Encrypt)
[HIGH] www.gogilwellinvestmentbank.com (Abuse Score: None) (/C=US/CN=R11/O=Let's Encrypt)
[HIGH] pants.corporate-claims.com (Abuse Score: None) (/C=US/CN=R10/O=Let's Encrypt)
[HIGH] gitlab.support.builder.brightonlionshousing.co.uk (Abuse Score: None) (/C=US/CN=R10/O=Let's Encrypt)
[HIGH] molly999.cc (Abuse Score: None), www.molly999.cc (Abuse Score: None) (/C=US/CN=R10/O=Let's Encrypt)
[HIGH] cpcalendars.mexusglobal.com (Abuse Score: None) (/C=US/CN=R11/O=Let's Encrypt)
[HIGH] www.portal.www.ssl.brainiacschat.com (Abuse Score: None) (/C=US/CN=R10/O=Let's Encrypt)
[HIGH] fortinet.jopez.de (Abuse Score: None) (/C=US/CN=R11/O=Let's Encrypt)
[HIGH] apps.alterspeicher.de (Abuse Score: None) (/C=US/CN=R10/O=Let's Encrypt)
[HIGH] *.z0c.c.fabric.microsoft.com (Abuse Score: None), *.z0c.datawarehouse.fabric.microsoft.com (Abuse Score: None), *.z0c.sql.cosmos.fabric.microsoft.com (Abuse Score: None) (/C=US/CN=Microsoft Azure RSA TLS Issuing CA 03/O=Microsoft Corporation)
[HIGH] www.was-eigenes.africancrisis.co.za (Abuse Score: None) (/C=US/CN=R11/O=Let's Encrypt)
[HIGH] www.cvs.aproco.com (Abuse Score: None) (/C=US/CN=R11/O=Let's Encrypt)
[HIGH] philippe-lecollen.docvitae.fr (Abuse Score: None) (/C=US/CN=R10/O=Let's Encrypt)
[HIGH] urbanpurr.com (Abuse Score: None) (/C=US/CN=E6/O=Let's Encrypt)
[HIGH] ssl.worldbirds.eu (Abuse Score: None) (/C=US/CN=R11/O=Let's Encrypt)
[HIGH] all-gkmindia.pages.dev (Abuse Score: None), *.all-gkmindia.pages.dev (Abuse Score: None) (/C=US/CN=Cloudflare TLS Issuing ECC CA 1/O=CLOUDFLARE, INC.)
[HIGH] rg.odvl.com (Abuse Score: None) (/C=US/CN=R11/O=Let's Encrypt)
[HIGH] jedsoncampus.com (Abuse Score: None), *.jedsoncampus.com (Abuse Score: None) (/C=US/CN=WE1/O=Google Trust Services)
[HIGH] luxfeuer.de (Abuse Score: None) (/C=US/CN=WE1/O=Google Trust Services)
[HIGH] 70a741a70e050680198506ce0c32062bd7496.id.ui.direct (Abuse Score: None) (/C=US/CN=R11/O=Let's Encrypt)
[HIGH] smtp.simuolive.co.nz (Abuse Score: None) (/C=US/CN=R10/O=Let's Encrypt)
[HIGH] inst.prosaasworks.co (Abuse Score: 0) (/C=US/CN=R10/O=Let's Encrypt)
[HIGH] m.bitcoins.kitchen (Abuse Score: 0) (/C=US/CN=R10/O=Let's Encrypt)
[HIGH] o31qxc.pages.dev (Abuse Score: 0), *.o31qxc.pages.dev (Abuse Score: None) (/C=US/CN=WE1/O=Google Trust Services)
[HIGH] *.ase-regionalcreate-bn1-1459177.p.azurewebsites.net (Abuse Score: None), *.ase-regionalcreate-bn1-1459177.p.azure-mobile.net (Abuse Score: None), *.scm.ase-regionalcreate-bn1-1459177.p.azure-mobile.net (Abuse Score: None), *.azure-apim.net (Abuse Score: None), *.admin.azure-apim.net (Abuse Score: None), ase-regionalcreate-bn1-1459177.scm.p.azurewebsites.net (Abuse Score: None) (/C=US/CN=Microsoft Azure RSA TLS Issuing CA 04/O=Microsoft Corporation)
[HIGH] www.insureblog.hachapuri.hu (Abuse Score: 0) (/C=US/CN=R11/O=Let's Encrypt)
[HIGH] *.kind-isopor.com.br (Abuse Score: None), kind-isopor.com.br (Abuse Score: None) (/C=US/CN=E6/O=Let's Encrypt)
[HIGH] bet73099.com (Abuse Score: 0), *.bet73099.com (Abuse Score: None) (/C=US/CN=Cloudflare TLS Issuing ECC CA 1/O=CLOUDFLARE, INC.)
[HIGH] 245a4c9ba3a305f10bd10636a944061113e99.id.ui.direct (Abuse Score: None) (/C=US/CN=R10/O=Let's Encrypt)
[HIGH] www.webmail05.chato.com (Abuse Score: 0) (/C=US/CN=R11/O=Let's Encrypt)
[HIGH] tapekering.pages.dev (Abuse Score: 0), *.tapekering.pages.dev (Abuse Score: None) (/C=US/CN=Cloudflare TLS Issuing ECC CA 1/O=CLOUDFLARE, INC.)
[HIGH] artofaudio.com (Abuse Score: 26) (/C=US/CN=WR1/O=Google Trust Services)
[HIGH] archaeologycolorado.org (Abuse Score: 0), www.archaeologycolorado.org (Abuse Score: 0) (/C=US/CN=R11/O=Let's Encrypt)
[HIGH] owa.applead.com (Abuse Score: 0) (/C=US/CN=R11/O=Let's Encrypt)
[HIGH] *.brindix.com.br (Abuse Score: None), brindix.com.br (Abuse Score: 0), brindix.fernandoff.com.br (Abuse Score: 0), www.brindix.fernandoff.com.br (Abuse Score: 0) (/C=US/CN=R10/O=Let's Encrypt)
[HIGH] owa.sui.me (Abuse Score: 0) (/C=US/CN=R10/O=Let's Encrypt)
[HIGH] app.zarduxdigital.com (Abuse Score: 0) (/C=US/CN=R10/O=Let's Encrypt)
[HIGH] fortinet.stellamarishotel.it (Abuse Score: 0) (/C=US/CN=R10/O=Let's Encrypt)
[HIGH] devrall.com (Abuse Score: 0), mail.devrall.com (Abuse Score: 0), www.devrall.com (Abuse Score: 0) (/C=US/CN=R10/O=Let's Encrypt)
[HIGH] dynamic.capsicumcorp.com (Abuse Score: 0), ipv6.dynamic.capsicumcorp.com (Abuse Score: None) (/C=US/CN=R11/O=Let's Encrypt)
[HIGH] wordpress-chat.ironforgesoftware.com (Abuse Score: 0) (/C=US/CN=R10/O=Let's Encrypt)
[HIGH] pusatkemasan.com (Abuse Score: 0), *.pusatkemasan.com (Abuse Score: None) (/C=US/CN=WE1/O=Google Trust Services)
[HIGH] webaccess.yuanli.net (Abuse Score: 0) (/C=US/CN=R11/O=Let's Encrypt)
[HIGH] www.app.destileriaurbana.com (Abuse Score: 3) (/C=US/CN=R10/O=Let's Encrypt)
[HIGH] olivesbranchco.com (Abuse Score: 39) (/C=US/CN=WE1/O=Google Trust Services)
[HIGH] www.sky.aczz.com (Abuse Score: 0) (/C=US/CN=R11/O=Let's Encrypt)
[HIGH] applyforadm.in (Abuse Score: 18), www.applyforadm.in (Abuse Score: 18) (/C=US/CN=R11/O=Let's Encrypt)
[HIGH] m.renpick.kr (Abuse Score: 0), renpick.kr (Abuse Score: 0), www.renpick.kr (Abuse Score: 0) (/C=US/CN=R11/O=Let's Encrypt)
[HIGH] nosquitonaturals.in (Abuse Score: 0), www.nosquitonaturals.in (Abuse Score: 0) (/C=US/CN=R10/O=Let's Encrypt)
[HIGH] 537d3e39.sni.cloudflaressl.com (Abuse Score: 0) (/C=US/CN=E6/O=Let's Encrypt)
[HIGH] *.z37.w.api.fabric.microsoft-int.com (Abuse Score: None), auto-s808444mza5-pbi-kv-HttpsZone37.z37.w.api.fabric.microsoft-int.com (Abuse Score: None), *.z37.graphql.fabric.microsoft-int.com (Abuse Score: None) (/C=US/CN=Microsoft Azure RSA TLS Issuing CA 04/O=Microsoft Corporation)
[HIGH] 772.572.mytemp.website (Abuse Score: 0) (/C=US/CN=R10/O=Let's Encrypt)
[HIGH] classiccakes.pages.dev (Abuse Score: 0), *.classiccakes.pages.dev (Abuse Score: None) (/C=US/CN=WE1/O=Google Trust Services)
[HIGH] cms.watsonfcrasettlement.com (Abuse Score: 0), watsonfcrasettlement.com (Abuse Score: 0) (/C=US/CN=R10/O=Let's Encrypt)
[HIGH] expressmedservices.com (Abuse Score: 56) (/C=US/CN=R11/O=Let's Encrypt)
